// Jest Snapshot v1, https://goo.gl/fbAQLP

exports[`Node renders correctly 1`] = `
<div
  className="Node"
  id="Node-node-1"
  style={
    Object {
      "left": 0,
      "top": 0,
    }
  }
>
  <div
    className="NodeInputPorts"
  />
  <div
    className="NodeBody"
    onMouseDown={[Function]}
    onMouseUp={[Function]}
  />
  <div
    className="NodeOutputPorts"
  />
</div>
`;
