// Jest Snapshot v1, https://goo.gl/fbAQLP

exports[`renders correctly 1`] = `
<div
  onMouseDown={[Function]}
  onMouseLeave={[Function]}
  onMouseUp={[Function]}
  style={
    Object {
      "height": "100%",
      "width": "100%",
    }
  }
>
  <div
    className="NetworkCanvas"
    style={
      Object {
        "--NC-canvas-background-color": "white",
        "--NC-canvas-background-image": "radial-gradient(lightgray, lightgray 1px, transparent 1px)",
        "--NC-canvas-background-position": "50% 50%",
        "--NC-canvas-background-size": "var(--NC-grid-size) var(--NC-grid-size)",
        "--NC-canvas-border-radius": "5px",
        "--NC-canvas-box-shadow": "0 0 0 1px lightgrey",
        "--NC-canvas-size": "2000px",
        "--NC-edge-draft-stroke": "black",
        "--NC-edge-hover-stroke": "red",
        "--NC-edge-stroke": "black",
        "--NC-edge-stroke-width": "3px",
        "--NC-grid-size": "10px",
        "--NC-workspace-background-color": "#f6f6f6",
        "--NC-workspace-background-image": "",
        "--NC-workspace-background-size": "",
      }
    }
  >
    <div
      className="Workspace"
      onMouseDown={[Function]}
      onMouseLeave={[Function]}
    >
      <div
        className="Canvas"
        data-testid="Canvas"
        onClick={[Function]}
        onMouseDown={[Function]}
        style={
          Object {
            "transform": "translate3d(0px,0px,0) scale(1)",
          }
        }
      >
        <div
          className="SelectBox"
          data-testid="SelectBox"
        />
        <svg
          className="CanvasBackground"
          data-testid="CanvasBackground"
          onMouseDown={[Function]}
          onMouseUp={[Function]}
          xmlns="http://www.w3.org/2000/svg"
        >
          <g
            data-testid="edge-1"
            onClick={[Function]}
            onMouseDown={[Function]}
            onMouseEnter={[Function]}
            onMouseLeave={[Function]}
          >
            <path
              className="Edge"
              id="Edge-edge-1"
            />
            <path
              className="EdgeArea"
            />
          </g>
          <g
            className="isDraft"
            data-testid="cc77e2e0-598e-4cb0-813c-516666955e42"
            onClick={[Function]}
            onMouseDown={[Function]}
            onMouseEnter={[Function]}
            onMouseLeave={[Function]}
          >
            <path
              className="Edge"
              id="Edge-cc77e2e0-598e-4cb0-813c-516666955e42"
            />
            <path
              className="EdgeArea"
            />
          </g>
        </svg>
        <div
          className="Node"
          id="Node-node-1"
          style={
            Object {
              "left": 0,
              "top": 0,
            }
          }
        >
          <div
            className="NodeInputPorts"
          >
            <div
              className="Port Input"
              data-testid="node-1-input-1"
              id="Port-node-1-input-1"
              onMouseDown={[Function]}
              onMouseUp={[Function]}
            />
          </div>
          <div
            className="NodeBody"
            data-testid="node-1"
            onMouseDown={[Function]}
            onMouseUp={[Function]}
          />
          <div
            className="NodeOutputPorts"
          >
            <div
              className="Port Output"
              data-testid="node-1-output-1"
              id="Port-node-1-output-1"
              onMouseDown={[Function]}
              onMouseUp={[Function]}
            />
          </div>
        </div>
        <div
          className="Node"
          id="Node-node-2"
          style={
            Object {
              "left": 100,
              "top": 100,
            }
          }
        >
          <div
            className="NodeInputPorts"
          >
            <div
              className="Port Input"
              data-testid="node-2-input-1"
              id="Port-node-2-input-1"
              onMouseDown={[Function]}
              onMouseUp={[Function]}
            />
          </div>
          <div
            className="NodeBody"
            data-testid="node-2"
            onMouseDown={[Function]}
            onMouseUp={[Function]}
          />
          <div
            className="NodeOutputPorts"
          >
            <div
              className="Port Output"
              data-testid="node-2-output-1"
              id="Port-node-2-output-1"
              onMouseDown={[Function]}
              onMouseUp={[Function]}
            />
          </div>
        </div>
      </div>
    </div>
  </div>
</div>
`;
